../Drivers/STM32WBxx_HAL_Driver/Inc/stm32wbxx_ll_rcc.h:1679:22:LL_RCC_LSE_SetDriveCapability	16	static
../Drivers/STM32WBxx_HAL_Driver/Inc/stm32wbxx_ll_bus.h:539:22:LL_AHB2_GRP1_EnableClock	24	static
../Core/Src/backup/main.c:162:9:LSM9DS1_ReadRegister	40	static
../Core/Src/backup/main.c:170:6:LSM9DS1_WriteRegister	32	static
../Core/Src/backup/main.c:177:6:LSM9DS1_Init	8	static
../Core/Src/backup/main.c:204:10:micros	4	static
../Core/Src/backup/main.c:208:7:invSqrt	32	static
../Core/Src/backup/main.c:218:7:vector_dot	16	static
../Core/Src/backup/main.c:222:6:vector_normalize	24	static
../Core/Src/backup/main.c:229:6:MadgwickAHRSupdate	48	static
../Core/Src/backup/main.c:346:6:LSM9DS1_ReadGyro	24	static
../Core/Src/backup/main.c:381:6:LSM9DS1_ReadAccel	24	static
../Core/Src/backup/main.c:411:6:LSM9DS1_ReadMag	40	static
../Core/Src/backup/main.c:468:5:main	8	static
../Core/Src/backup/main.c:538:6:SystemClock_Config	112	static
../Core/Src/backup/main.c:590:6:PeriphCommonClock_Config	88	static
../Core/Src/backup/main.c:614:13:MX_I2C1_Init	8	static
../Core/Src/backup/main.c:659:13:MX_IPCC_Init	8	static
../Core/Src/backup/main.c:683:13:MX_RF_Init	4	static
../Core/Src/backup/main.c:703:13:MX_RTC_Init	8	static
../Core/Src/backup/main.c:744:13:MX_TIM2_Init	40	static
../Core/Src/backup/main.c:786:13:MX_GPIO_Init	32	static
../Core/Src/backup/main.c:857:6:Error_Handler	4	static,ignoring_inline_asm
