../Drivers/STM32WBxx_HAL_Driver/Inc/stm32wbxx_ll_rcc.h:1679:22:LL_RCC_LSE_SetDriveCapability	16	static
../Drivers/STM32WBxx_HAL_Driver/Inc/stm32wbxx_ll_bus.h:364:22:LL_AHB1_GRP1_EnableClock	24	static
../Drivers/STM32WBxx_HAL_Driver/Inc/stm32wbxx_ll_bus.h:539:22:LL_AHB2_GRP1_EnableClock	24	static
../Core/Src/main.c:153:6:LSM9DS1_WriteRegister	32	static
../Core/Src/main.c:158:9:LSM9DS1_ReadRegister	40	static
../Core/Src/main.c:165:6:LSM9DS1_Init	8	static
../Core/Src/main.c:203:10:micros	4	static
../Core/Src/main.c:207:7:invSqrt	32	static
../Core/Src/main.c:217:7:vector_dot	16	static
../Core/Src/main.c:221:6:vector_normalize	24	static
../Core/Src/main.c:228:6:MadgwickAHRSupdate	48	static
../Core/Src/main.c:346:6:LSM9DS1_ReadGyro_DMA	16	static
../Core/Src/main.c:351:6:LSM9DS1_ReadAccel_DMA	16	static
../Core/Src/main.c:356:6:LSM9DS1_ReadMag_DMA	16	static
../Core/Src/main.c:361:6:magcal_Init	8	static
../Core/Src/main.c:372:12:choose_discard_magcal	104	static
../Core/Src/main.c:436:13:add_magcal_data	24	static
../Core/Src/main.c:459:6:process_imu_data	16	static
../Core/Src/main.c:466:6:HAL_I2C_MemRxCpltCallback	32	static
../Core/Src/main.c:591:5:main	8	static
../Core/Src/main.c:662:6:SystemClock_Config	112	static
../Core/Src/main.c:714:6:PeriphCommonClock_Config	88	static
../Core/Src/main.c:738:13:MX_I2C1_Init	8	static
../Core/Src/main.c:783:13:MX_IPCC_Init	8	static
../Core/Src/main.c:807:13:MX_RF_Init	4	static
../Core/Src/main.c:827:13:MX_RTC_Init	8	static
../Core/Src/main.c:868:13:MX_TIM2_Init	40	static
../Core/Src/main.c:908:13:MX_DMA_Init	8	static
../Core/Src/main.c:929:13:MX_GPIO_Init	32	static
../Core/Src/main.c:1000:6:Error_Handler	4	static,ignoring_inline_asm
