../Drivers/STM32WBxx_HAL_Driver/Inc/stm32wbxx_ll_rcc.h:1679:22:LL_RCC_LSE_SetDriveCapability	16	static
../Drivers/STM32WBxx_HAL_Driver/Inc/stm32wbxx_ll_bus.h:364:22:LL_AHB1_GRP1_EnableClock	24	static
../Drivers/STM32WBxx_HAL_Driver/Inc/stm32wbxx_ll_bus.h:539:22:LL_AHB2_GRP1_EnableClock	24	static
../Core/Src/main.c:165:6:LSM9DS1_WriteRegister	32	static
../Core/Src/main.c:170:9:LSM9DS1_ReadRegister	40	static
../Core/Src/main.c:177:6:LSM9DS1_Init	8	static
../Core/Src/main.c:221:10:micros	4	static
../Core/Src/main.c:225:7:invSqrt	32	static
../Core/Src/main.c:235:7:vector_dot	16	static
../Core/Src/main.c:239:6:vector_normalize	24	static
../Core/Src/main.c:246:6:MadgwickAHRSupdate	48	static
../Core/Src/main.c:364:6:LSM9DS1_ReadGyro_DMA	16	static
../Core/Src/main.c:369:6:LSM9DS1_ReadAccel_DMA	16	static
../Core/Src/main.c:374:6:LSM9DS1_ReadMag_DMA	16	static
../Core/Src/main.c:379:6:magcal_Init	8	static
../Core/Src/main.c:393:6:apply_calibration	40	static
../Core/Src/main.c:407:12:choose_discard_magcal	104	static
../Core/Src/main.c:493:13:add_magcal_data	24	static
../Core/Src/main.c:517:6:process_imu_data	24	static
../Core/Src/main.c:535:6:HAL_I2C_MemRxCpltCallback	48	static
../Core/Src/main.c:729:5:main	8	static
../Core/Src/main.c:804:6:SystemClock_Config	112	static
../Core/Src/main.c:856:6:PeriphCommonClock_Config	88	static
../Core/Src/main.c:880:13:MX_I2C1_Init	8	static
../Core/Src/main.c:925:13:MX_IPCC_Init	8	static
../Core/Src/main.c:949:13:MX_RF_Init	4	static
../Core/Src/main.c:969:13:MX_RTC_Init	8	static
../Core/Src/main.c:1010:13:MX_TIM2_Init	40	static
../Core/Src/main.c:1050:13:MX_DMA_Init	8	static
../Core/Src/main.c:1071:13:MX_GPIO_Init	32	static
../Core/Src/main.c:1142:6:Error_Handler	4	static,ignoring_inline_asm
