../Drivers/STM32WBxx_HAL_Driver/Inc/stm32wbxx_ll_rcc.h:1679:22:LL_RCC_LSE_SetDriveCapability	16	static
../Drivers/STM32WBxx_HAL_Driver/Inc/stm32wbxx_ll_bus.h:364:22:LL_AHB1_GRP1_EnableClock	24	static
../Drivers/STM32WBxx_HAL_Driver/Inc/stm32wbxx_ll_bus.h:539:22:LL_AHB2_GRP1_EnableClock	24	static
../Core/Src/main.c:167:6:LSM9DS1_WriteRegister	32	static
../Core/Src/main.c:172:9:LSM9DS1_ReadRegister	40	static
../Core/Src/main.c:179:6:LSM9DS1_Init	8	static
../Core/Src/main.c:223:10:micros	4	static
../Core/Src/main.c:227:7:invSqrt	32	static
../Core/Src/main.c:237:7:vector_dot	16	static
../Core/Src/main.c:241:6:vector_normalize	24	static
../Core/Src/main.c:248:6:MadgwickAHRSupdate	48	static
../Core/Src/main.c:366:6:LSM9DS1_ReadGyro_DMA	16	static
../Core/Src/main.c:371:6:LSM9DS1_ReadAccel_DMA	16	static
../Core/Src/main.c:376:6:LSM9DS1_ReadMag_DMA	16	static
../Core/Src/main.c:381:6:magcal_Init	8	static
../Core/Src/main.c:395:6:apply_calibration	40	static
../Core/Src/main.c:409:12:choose_discard_magcal	104	static
../Core/Src/main.c:495:13:add_magcal_data	24	static
../Core/Src/main.c:519:6:is_mag_moving	40	static
../Core/Src/main.c:545:6:process_imu_data	32	static
../Core/Src/main.c:585:6:HAL_I2C_MemRxCpltCallback	48	static
../Core/Src/main.c:780:5:main	8	static
../Core/Src/main.c:855:6:SystemClock_Config	112	static
../Core/Src/main.c:907:6:PeriphCommonClock_Config	88	static
../Core/Src/main.c:931:13:MX_I2C1_Init	8	static
../Core/Src/main.c:976:13:MX_IPCC_Init	8	static
../Core/Src/main.c:1000:13:MX_RF_Init	4	static
../Core/Src/main.c:1020:13:MX_RTC_Init	8	static
../Core/Src/main.c:1061:13:MX_TIM2_Init	40	static
../Core/Src/main.c:1101:13:MX_DMA_Init	8	static
../Core/Src/main.c:1122:13:MX_GPIO_Init	32	static
../Core/Src/main.c:1193:6:Error_Handler	4	static,ignoring_inline_asm
