../Drivers/STM32WBxx_HAL_Driver/Inc/stm32wbxx_ll_rcc.h:1679:22:LL_RCC_LSE_SetDriveCapability	16	static
../Drivers/STM32WBxx_HAL_Driver/Inc/stm32wbxx_ll_bus.h:364:22:LL_AHB1_GRP1_EnableClock	24	static
../Drivers/STM32WBxx_HAL_Driver/Inc/stm32wbxx_ll_bus.h:539:22:LL_AHB2_GRP1_EnableClock	24	static
../Core/Src/main.c:154:6:LSM9DS1_WriteRegister	32	static
../Core/Src/main.c:159:9:LSM9DS1_ReadRegister	40	static
../Core/Src/main.c:166:6:LSM9DS1_Init	8	static
../Core/Src/main.c:204:10:micros	4	static
../Core/Src/main.c:208:7:invSqrt	32	static
../Core/Src/main.c:218:7:vector_dot	16	static
../Core/Src/main.c:222:6:vector_normalize	24	static
../Core/Src/main.c:229:6:MadgwickAHRSupdate	48	static
../Core/Src/main.c:347:6:LSM9DS1_ReadGyro_DMA	16	static
../Core/Src/main.c:352:6:LSM9DS1_ReadAccel_DMA	16	static
../Core/Src/main.c:357:6:LSM9DS1_ReadMag_DMA	16	static
../Core/Src/main.c:362:6:magcal_Init	8	static
../Core/Src/main.c:373:12:choose_discard_magcal	104	static
../Core/Src/main.c:437:13:add_magcal_data	24	static
../Core/Src/main.c:461:6:process_imu_data	16	static
../Core/Src/main.c:468:6:HAL_I2C_MemRxCpltCallback	32	static
../Core/Src/main.c:593:5:main	8	static
../Core/Src/main.c:664:6:SystemClock_Config	112	static
../Core/Src/main.c:716:6:PeriphCommonClock_Config	88	static
../Core/Src/main.c:740:13:MX_I2C1_Init	8	static
../Core/Src/main.c:785:13:MX_IPCC_Init	8	static
../Core/Src/main.c:809:13:MX_RF_Init	4	static
../Core/Src/main.c:829:13:MX_RTC_Init	8	static
../Core/Src/main.c:870:13:MX_TIM2_Init	40	static
../Core/Src/main.c:910:13:MX_DMA_Init	8	static
../Core/Src/main.c:931:13:MX_GPIO_Init	32	static
../Core/Src/main.c:1002:6:Error_Handler	4	static,ignoring_inline_asm
